
  .   ____          _            __ _ _
 /\\ / ___'_ __ _ _(_)_ __  __ _ \ \ \ \
( ( )\___ | '_ | '_| | '_ \/ _` | \ \ \ \
 \\/  ___)| |_)| | | | | || (_| |  ) ) ) )
  '  |____| .__|_| |_|_| |_\__, | / / / /
 =========|_|==============|___/=/_/_/_/

 :: Spring Boot ::               (v3.5.16)

2026-09-18T15:04:54.670+05:30  INFO 10296 --- [crop-disease-api] [           main] com.example.CropDiseaseApiApplication    : Starting CropDiseaseApiApplication using Java 21.0.12.1 with PID 10296 (D:\Hackathon\Agriculture-FoodTech-main\frontend\desktop-tutorial\target\desktop-tutorial-1.0.0.jar started by User in D:\Hackathon\Agriculture-FoodTech-main\frontend\desktop-tutorial)
2026-09-18T15:04:54.701+05:30  INFO 10296 --- [crop-disease-api] [           main] com.example.CropDiseaseApiApplication    : No active profile set, falling back to 1 default profile: "default"
2026-09-18T15:04:56.149+05:30  INFO 10296 --- [crop-disease-api] [           main] .s.d.r.c.RepositoryConfigurationDelegate : Bootstrapping Spring Data JPA repositories in DEFAULT mode.
2026-09-18T15:04:56.347+05:30  INFO 10296 --- [crop-disease-api] [           main] .s.d.r.c.RepositoryConfigurationDelegate : Finished Spring Data repository scanning in 160 ms. Found 16 JPA repository interfaces.
2026-09-18T15:04:57.571+05:30  INFO 10296 --- [crop-disease-api] [           main] o.s.b.w.embedded.tomcat.TomcatWebServer  : Tomcat initialized with port 8080 (http)
2026-09-18T15:04:57.608+05:30  INFO 10296 --- [crop-disease-api] [           main] o.apache.catalina.core.StandardService   : Starting service [Tomcat]
2026-09-18T15:04:57.609+05:30  INFO 10296 --- [crop-disease-api] [           main] o.apache.catalina.core.StandardEngine    : Starting Servlet engine: [Apache Tomcat/10.1.55]
2026-09-18T15:04:57.639+05:30  INFO 10296 --- [crop-disease-api] [           main] o.a.c.c.C.[Tomcat].[localhost].[/]       : Initializing Spring embedded WebApplicationContext
2026-09-18T15:04:57.641+05:30  INFO 10296 --- [crop-disease-api] [           main] w.s.c.ServletWebServerApplicationContext : Root WebApplicationContext: initialization completed in 2841 ms
2026-09-18T15:04:57.855+05:30  INFO 10296 --- [crop-disease-api] [           main] o.hibernate.jpa.internal.util.LogHelper  : HHH000204: Processing PersistenceUnitInfo [name: default]
2026-09-18T15:04:57.916+05:30  INFO 10296 --- [crop-disease-api] [           main] org.hibernate.Version                    : HHH000412: Hibernate ORM core version 6.6.53.Final
2026-09-18T15:04:57.946+05:30  INFO 10296 --- [crop-disease-api] [           main] o.h.c.internal.RegionFactoryInitiator    : HHH000026: Second-level cache disabled
2026-09-18T15:04:58.415+05:30  INFO 10296 --- [crop-disease-api] [           main] o.s.o.j.p.SpringPersistenceUnitInfo      : No LoadTimeWeaver setup: ignoring JPA class transformer
2026-09-18T15:04:58.468+05:30  INFO 10296 --- [crop-disease-api] [           main] com.zaxxer.hikari.HikariDataSource       : HikariPool-1 - Starting...
2026-09-18T15:04:58.912+05:30  INFO 10296 --- [crop-disease-api] [           main] com.zaxxer.hikari.pool.HikariPool        : HikariPool-1 - Added connection conn0: url=jdbc:h2:file:./data/crop-disease-db user=SA
2026-09-18T15:04:58.945+05:30  INFO 10296 --- [crop-disease-api] [           main] com.zaxxer.hikari.HikariDataSource       : HikariPool-1 - Start completed.
2026-09-18T15:04:59.041+05:30  INFO 10296 --- [crop-disease-api] [           main] org.hibernate.orm.connections.pooling    : HHH10001005: Database info:
	Database JDBC URL [Connecting through datasource 'HikariDataSource (HikariPool-1)']
	Database driver: undefined/unknown
	Database version: 2.3.232
	Autocommit mode: undefined/unknown
	Isolation level: undefined/unknown
	Minimum pool size: undefined/unknown
	Maximum pool size: undefined/unknown
2026-09-18T15:05:02.090+05:30  INFO 10296 --- [crop-disease-api] [           main] o.h.e.t.j.p.i.JtaPlatformInitiator       : HHH000489: No JTA platform available (set 'hibernate.transaction.jta.platform' to enable JTA platform integration)
2026-09-18T15:05:02.405+05:30  INFO 10296 --- [crop-disease-api] [           main] j.LocalContainerEntityManagerFactoryBean : Initialized JPA EntityManagerFactory for persistence unit 'default'
2026-09-18T15:05:07.611+05:30  INFO 10296 --- [crop-disease-api] [           main] o.s.b.a.w.s.WelcomePageHandlerMapping    : Adding welcome page: URL [file:frontend/dist/index.html]
2026-09-18T15:05:09.665+05:30  INFO 10296 --- [crop-disease-api] [           main] o.s.b.a.h2.H2ConsoleAutoConfiguration    : H2 console available at '/h2-console'. Database available at 'jdbc:h2:file:./data/crop-disease-db'
2026-09-18T15:05:10.033+05:30  INFO 10296 --- [crop-disease-api] [           main] o.s.b.w.embedded.tomcat.TomcatWebServer  : Tomcat started on port 8080 (http) with context path '/'
2026-09-18T15:05:10.132+05:30  INFO 10296 --- [crop-disease-api] [           main] com.example.CropDiseaseApiApplication    : Started CropDiseaseApiApplication in 16.585 seconds (process running for 17.81)
2026-09-18T15:05:10.550+05:30  INFO 10296 --- [crop-disease-api] [nio-8080-exec-1] o.a.c.c.C.[Tomcat].[localhost].[/]       : Initializing Spring DispatcherServlet 'dispatcherServlet'
2026-09-18T15:05:10.577+05:30  INFO 10296 --- [crop-disease-api] [nio-8080-exec-1] o.s.web.servlet.DispatcherServlet        : Initializing Servlet 'dispatcherServlet'
2026-09-18T15:05:10.579+05:30  INFO 10296 --- [crop-disease-api] [nio-8080-exec-1] o.s.web.servlet.DispatcherServlet        : Completed initialization in 2 ms
